\BOOKMARK [1][-]{section.1}{\376\377\000V\000e\000r\000s\000i\000o\000n\000\040\000a\000n\000d\000\040\000S\000c\000o\000p\000e}{}% 1
\BOOKMARK [1][-]{section.2}{\376\377\000H\000o\000w\000\040\000t\000o\000\040\000R\000e\000a\000d\000\040\000t\000h\000e\000\040\000T\000a\000s\000k\000\040\000C\000o\000n\000t\000r\000a\000c\000t\000s}{}% 2
\BOOKMARK [1][-]{section.3}{\376\377\000A\000u\000d\000i\000t\000\040\000I\000n\000t\000e\000r\000p\000r\000e\000t\000a\000t\000i\000o\000n}{}% 3
\BOOKMARK [1][-]{section.4}{\376\377\000R\000e\000p\000r\000o\000d\000u\000c\000t\000i\000o\000n\000\040\000a\000n\000d\000\040\000R\000e\000v\000i\000e\000w}{}% 4
\BOOKMARK [1][-]{section.5}{\376\377\0003\0001\0000\0002\0008\000:\000\040\000S\000e\000a\000\040\000P\000l\000a\000n\000e}{}% 5
\BOOKMARK [2][-]{subsection.5.1}{\376\377\000N\000u\000m\000b\000e\000r\000e\000d\000\040\000v\000i\000s\000u\000a\000l\000\040\000i\000n\000p\000u\000t\000\040\000a\000n\000d\000\040\000c\000o\000m\000p\000l\000e\000t\000e\000\040\000q\000u\000e\000s\000t\000i\000o\000n\000\040\000i\000n\000d\000e\000x}{section.5}% 6
\BOOKMARK [1][-]{section.6}{\376\377\0003\0001\0000\0002\0007\000:\000\040\000B\000l\000u\000e\000\040\000R\000a\000c\000e\000r}{}% 7
\BOOKMARK [2][-]{subsection.6.1}{\376\377\000N\000u\000m\000b\000e\000r\000e\000d\000\040\000v\000i\000s\000u\000a\000l\000\040\000i\000n\000p\000u\000t\000\040\000a\000n\000d\000\040\000c\000o\000m\000p\000l\000e\000t\000e\000\040\000q\000u\000e\000s\000t\000i\000o\000n\000\040\000i\000n\000d\000e\000x}{section.6}% 8
\BOOKMARK [1][-]{section.7}{\376\377\0001\0000\0001\0005\0006\000:\000\040\000L\000E\000G\000O\000\040\000T\000r\000u\000c\000k}{}% 9
\BOOKMARK [2][-]{subsection.7.1}{\376\377\000N\000u\000m\000b\000e\000r\000e\000d\000\040\000v\000i\000s\000u\000a\000l\000\040\000i\000n\000p\000u\000t\000\040\000a\000n\000d\000\040\000c\000o\000m\000p\000l\000e\000t\000e\000\040\000q\000u\000e\000s\000t\000i\000o\000n\000\040\000i\000n\000d\000e\000x}{section.7}% 10
\BOOKMARK [1][-]{section.8}{\376\377\0004\0002\0001\0000\0002\000:\000\040\000M\000i\000n\000i\000\040\000C\000L\000A\000A\000S\000\040\000X\000E\000R\000I\000O\000N}{}% 11
\BOOKMARK [2][-]{subsection.8.1}{\376\377\000N\000u\000m\000b\000e\000r\000e\000d\000\040\000v\000i\000s\000u\000a\000l\000\040\000i\000n\000p\000u\000t\000\040\000a\000n\000d\000\040\000c\000o\000m\000p\000l\000e\000t\000e\000\040\000q\000u\000e\000s\000t\000i\000o\000n\000\040\000i\000n\000d\000e\000x}{section.8}% 12
\BOOKMARK [1][-]{section.9}{\376\377\0004\0002\0000\0002\0000\000:\000\040\000T\000w\000i\000n\000-\000R\000o\000t\000o\000r\000\040\000H\000e\000l\000i\000c\000o\000p\000t\000e\000r}{}% 13
\BOOKMARK [2][-]{subsection.9.1}{\376\377\000N\000u\000m\000b\000e\000r\000e\000d\000\040\000v\000i\000s\000u\000a\000l\000\040\000i\000n\000p\000u\000t\000\040\000a\000n\000d\000\040\000c\000o\000m\000p\000l\000e\000t\000e\000\040\000q\000u\000e\000s\000t\000i\000o\000n\000\040\000i\000n\000d\000e\000x}{section.9}% 14
\BOOKMARK [1][-]{section.10}{\376\377\0001\0000\0000\0003\0006\000:\000\040\000P\000i\000z\000z\000a\000\040\000T\000o\000\040\000G\000o}{}% 15
\BOOKMARK [2][-]{subsection.10.1}{\376\377\000N\000u\000m\000b\000e\000r\000e\000d\000\040\000v\000i\000s\000u\000a\000l\000\040\000i\000n\000p\000u\000t\000\040\000a\000n\000d\000\040\000c\000o\000m\000p\000l\000e\000t\000e\000\040\000q\000u\000e\000s\000t\000i\000o\000n\000\040\000i\000n\000d\000e\000x}{section.10}% 16
\BOOKMARK [1][-]{section.11}{\376\377\0001\0000\0000\0001\0004\000:\000\040\000C\000a\000b\000o\000o\000s\000e}{}% 17
\BOOKMARK [2][-]{subsection.11.1}{\376\377\000N\000u\000m\000b\000e\000r\000e\000d\000\040\000v\000i\000s\000u\000a\000l\000\040\000i\000n\000p\000u\000t\000\040\000a\000n\000d\000\040\000c\000o\000m\000p\000l\000e\000t\000e\000\040\000q\000u\000e\000s\000t\000i\000o\000n\000\040\000i\000n\000d\000e\000x}{section.11}% 18
\BOOKMARK [1][-]{section.12}{\376\377\0003\0001\0000\0003\0001\000:\000\040\000R\000a\000i\000n\000f\000o\000r\000e\000s\000t\000\040\000A\000n\000i\000m\000a\000l\000s}{}% 19
\BOOKMARK [2][-]{subsection.12.1}{\376\377\000N\000u\000m\000b\000e\000r\000e\000d\000\040\000v\000i\000s\000u\000a\000l\000\040\000i\000n\000p\000u\000t\000\040\000a\000n\000d\000\040\000c\000o\000m\000p\000l\000e\000t\000e\000\040\000q\000u\000e\000s\000t\000i\000o\000n\000\040\000i\000n\000d\000e\000x}{section.12}% 20
\BOOKMARK [1][-]{section.13}{\376\377\0003\0001\0000\0008\0008\000:\000\040\000D\000e\000e\000p\000\040\000S\000e\000a\000\040\000C\000r\000e\000a\000t\000u\000r\000e\000s}{}% 21
\BOOKMARK [2][-]{subsection.13.1}{\376\377\000N\000u\000m\000b\000e\000r\000e\000d\000\040\000v\000i\000s\000u\000a\000l\000\040\000i\000n\000p\000u\000t\000\040\000a\000n\000d\000\040\000c\000o\000m\000p\000l\000e\000t\000e\000\040\000q\000u\000e\000s\000t\000i\000o\000n\000\040\000i\000n\000d\000e\000x}{section.13}% 22
\BOOKMARK [1][-]{section.14}{\376\377\0004\0002\0000\0000\0004\000:\000\040\000M\000i\000n\000i\000\040\000B\000a\000c\000k\000h\000o\000e\000\040\000L\000o\000a\000d\000e\000r}{}% 23
\BOOKMARK [2][-]{subsection.14.1}{\376\377\000N\000u\000m\000b\000e\000r\000e\000d\000\040\000v\000i\000s\000u\000a\000l\000\040\000i\000n\000p\000u\000t\000\040\000a\000n\000d\000\040\000c\000o\000m\000p\000l\000e\000t\000e\000\040\000q\000u\000e\000s\000t\000i\000o\000n\000\040\000i\000n\000d\000e\000x}{section.14}% 24
\BOOKMARK [1][-]{section.15}{\376\377\0004\0002\0000\0006\0001\000:\000\040\000T\000e\000l\000e\000h\000a\000n\000d\000l\000e\000r}{}% 25
\BOOKMARK [2][-]{subsection.15.1}{\376\377\000N\000u\000m\000b\000e\000r\000e\000d\000\040\000v\000i\000s\000u\000a\000l\000\040\000i\000n\000p\000u\000t\000\040\000a\000n\000d\000\040\000c\000o\000m\000p\000l\000e\000t\000e\000\040\000q\000u\000e\000s\000t\000i\000o\000n\000\040\000i\000n\000d\000e\000x}{section.15}% 26
\BOOKMARK [1][-]{section.16}{\376\377\0003\0001\0000\0000\0009\000:\000\040\000S\000m\000a\000l\000l\000\040\000C\000o\000t\000t\000a\000g\000e}{}% 27
\BOOKMARK [2][-]{subsection.16.1}{\376\377\000N\000u\000m\000b\000e\000r\000e\000d\000\040\000v\000i\000s\000u\000a\000l\000\040\000i\000n\000p\000u\000t\000\040\000a\000n\000d\000\040\000c\000o\000m\000p\000l\000e\000t\000e\000\040\000q\000u\000e\000s\000t\000i\000o\000n\000\040\000i\000n\000d\000e\000x}{section.16}% 28
\BOOKMARK [1][-]{section.17}{\376\377\0005\0008\0006\0007\000:\000\040\000S\000u\000p\000e\000r\000\040\000S\000p\000e\000e\000d\000s\000t\000e\000r}{}% 29
\BOOKMARK [2][-]{subsection.17.1}{\376\377\000N\000u\000m\000b\000e\000r\000e\000d\000\040\000v\000i\000s\000u\000a\000l\000\040\000i\000n\000p\000u\000t\000\040\000a\000n\000d\000\040\000c\000o\000m\000p\000l\000e\000t\000e\000\040\000q\000u\000e\000s\000t\000i\000o\000n\000\040\000i\000n\000d\000e\000x}{section.17}% 30
\BOOKMARK [1][-]{section.18}{\376\377\0001\0000\0001\0002\0008\000:\000\040\000T\000r\000a\000i\000n\000\040\000L\000e\000v\000e\000l\000\040\000C\000r\000o\000s\000s\000i\000n\000g}{}% 31
\BOOKMARK [2][-]{subsection.18.1}{\376\377\000N\000u\000m\000b\000e\000r\000e\000d\000\040\000v\000i\000s\000u\000a\000l\000\040\000i\000n\000p\000u\000t\000\040\000a\000n\000d\000\040\000c\000o\000m\000p\000l\000e\000t\000e\000\040\000q\000u\000e\000s\000t\000i\000o\000n\000\040\000i\000n\000d\000e\000x}{section.18}% 32
\BOOKMARK [1][-]{section.19}{\376\377\0001\0000\0001\0005\0009\000:\000\040\000C\000i\000t\000y\000\040\000A\000i\000r\000p\000o\000r\000t}{}% 33
\BOOKMARK [2][-]{subsection.19.1}{\376\377\000N\000u\000m\000b\000e\000r\000e\000d\000\040\000v\000i\000s\000u\000a\000l\000\040\000i\000n\000p\000u\000t\000\040\000a\000n\000d\000\040\000c\000o\000m\000p\000l\000e\000t\000e\000\040\000q\000u\000e\000s\000t\000i\000o\000n\000\040\000i\000n\000d\000e\000x}{section.19}% 34
\BOOKMARK [1][-]{section.20}{\376\377\0001\0000\0000\0000\0001\000:\000\040\000M\000e\000t\000r\000o\000l\000i\000n\000e\000r}{}% 35
\BOOKMARK [2][-]{subsection.20.1}{\376\377\000N\000u\000m\000b\000e\000r\000e\000d\000\040\000v\000i\000s\000u\000a\000l\000\040\000i\000n\000p\000u\000t\000\040\000a\000n\000d\000\040\000c\000o\000m\000p\000l\000e\000t\000e\000\040\000q\000u\000e\000s\000t\000i\000o\000n\000\040\000i\000n\000d\000e\000x}{section.20}% 36
\BOOKMARK [1][-]{section.21}{\376\377\0001\0000\0002\0006\0009\000:\000\040\000H\000a\000r\000l\000e\000y\000-\000D\000a\000v\000i\000d\000s\000o\000n\000\040\000F\000a\000t\000\040\000B\000o\000y}{}% 37
\BOOKMARK [2][-]{subsection.21.1}{\376\377\000N\000u\000m\000b\000e\000r\000e\000d\000\040\000v\000i\000s\000u\000a\000l\000\040\000i\000n\000p\000u\000t\000\040\000a\000n\000d\000\040\000c\000o\000m\000p\000l\000e\000t\000e\000\040\000q\000u\000e\000s\000t\000i\000o\000n\000\040\000i\000n\000d\000e\000x}{section.21}% 38
\BOOKMARK [1][-]{section.22}{\376\377\0001\0000\0002\0004\0002\000:\000\040\000M\000I\000N\000I\000\040\000C\000o\000o\000p\000e\000r}{}% 39
\BOOKMARK [2][-]{subsection.22.1}{\376\377\000N\000u\000m\000b\000e\000r\000e\000d\000\040\000v\000i\000s\000u\000a\000l\000\040\000i\000n\000p\000u\000t\000\040\000a\000n\000d\000\040\000c\000o\000m\000p\000l\000e\000t\000e\000\040\000q\000u\000e\000s\000t\000i\000o\000n\000\040\000i\000n\000d\000e\000x}{section.22}% 40
\BOOKMARK [1][-]{section.23}{\376\377\0004\0002\0000\0006\0006\000:\000\040\000A\000i\000r\000\040\000R\000a\000c\000e\000\040\000J\000e\000t}{}% 41
\BOOKMARK [2][-]{subsection.23.1}{\376\377\000N\000u\000m\000b\000e\000r\000e\000d\000\040\000v\000i\000s\000u\000a\000l\000\040\000i\000n\000p\000u\000t\000\040\000a\000n\000d\000\040\000c\000o\000m\000p\000l\000e\000t\000e\000\040\000q\000u\000e\000s\000t\000i\000o\000n\000\040\000i\000n\000d\000e\000x}{section.23}% 42
\BOOKMARK [1][-]{section.24}{\376\377\0001\0000\0002\0001\0003\000:\000\040\000S\000h\000u\000t\000t\000l\000e\000\040\000A\000d\000v\000e\000n\000t\000u\000r\000e}{}% 43
\BOOKMARK [2][-]{subsection.24.1}{\376\377\000N\000u\000m\000b\000e\000r\000e\000d\000\040\000v\000i\000s\000u\000a\000l\000\040\000i\000n\000p\000u\000t\000\040\000a\000n\000d\000\040\000c\000o\000m\000p\000l\000e\000t\000e\000\040\000q\000u\000e\000s\000t\000i\000o\000n\000\040\000i\000n\000d\000e\000x}{section.24}% 44
\BOOKMARK [1][-]{section.25}{\376\377\0001\0000\0002\0006\0005\000:\000\040\000F\000o\000r\000d\000\040\000M\000u\000s\000t\000a\000n\000g}{}% 45
\BOOKMARK [2][-]{subsection.25.1}{\376\377\000N\000u\000m\000b\000e\000r\000e\000d\000\040\000v\000i\000s\000u\000a\000l\000\040\000i\000n\000p\000u\000t\000\040\000a\000n\000d\000\040\000c\000o\000m\000p\000l\000e\000t\000e\000\040\000q\000u\000e\000s\000t\000i\000o\000n\000\040\000i\000n\000d\000e\000x}{section.25}% 46
\BOOKMARK [1][-]{section.26}{\376\377\0001\0000\0002\0002\0000\000:\000\040\000V\000o\000l\000k\000s\000w\000a\000g\000e\000n\000\040\000T\0001\000\040\000C\000a\000m\000p\000e\000r\000\040\000V\000a\000n}{}% 47
\BOOKMARK [2][-]{subsection.26.1}{\376\377\000N\000u\000m\000b\000e\000r\000e\000d\000\040\000v\000i\000s\000u\000a\000l\000\040\000i\000n\000p\000u\000t\000\040\000a\000n\000d\000\040\000c\000o\000m\000p\000l\000e\000t\000e\000\040\000q\000u\000e\000s\000t\000i\000o\000n\000\040\000i\000n\000d\000e\000x}{section.26}% 48
\BOOKMARK [1][-]{section.27}{\376\377\0002\0001\0003\0000\0009\000:\000\040\000N\000A\000S\000A\000\040\000A\000p\000o\000l\000l\000o\000\040\000S\000a\000t\000u\000r\000n\000\040\000V}{}% 49
\BOOKMARK [2][-]{subsection.27.1}{\376\377\000N\000u\000m\000b\000e\000r\000e\000d\000\040\000v\000i\000s\000u\000a\000l\000\040\000i\000n\000p\000u\000t\000\040\000a\000n\000d\000\040\000c\000o\000m\000p\000l\000e\000t\000e\000\040\000q\000u\000e\000s\000t\000i\000o\000n\000\040\000i\000n\000d\000e\000x}{section.27}% 50
\BOOKMARK [1][-]{section.28}{\376\377\0004\0002\0000\0005\0004\000:\000\040\000C\000L\000A\000A\000S\000\040\000X\000E\000R\000I\000O\000N\000\040\0005\0000\0000\0000\000\040\000T\000R\000A\000C\000\040\000V\000C}{}% 51
\BOOKMARK [2][-]{subsection.28.1}{\376\377\000N\000u\000m\000b\000e\000r\000e\000d\000\040\000v\000i\000s\000u\000a\000l\000\040\000i\000n\000p\000u\000t\000\040\000a\000n\000d\000\040\000c\000o\000m\000p\000l\000e\000t\000e\000\040\000q\000u\000e\000s\000t\000i\000o\000n\000\040\000i\000n\000d\000e\000x}{section.28}% 52
