**
(supplement.tex
LaTeX2e <2021-11-15> patch level 1
L3 programming layer <2022-02-24> (article.cls
Document Class: article 2021/10/04 v1.4n Standard LaTeX document class
(size10.clo
File: size10.clo 2021/10/04 v1.4n Standard LaTeX file (size option)
)
\c@part=\count181
\c@section=\count182
\c@subsection=\count183
\c@subsubsection=\count184
\c@paragraph=\count185
\c@subparagraph=\count186
\c@figure=\count187
\c@table=\count188
\abovecaptionskip=\skip47
\belowcaptionskip=\skip48
\bibindent=\dimen138
) (fontenc.sty
Package: fontenc 2021/04/29 v2.0v Standard LaTeX package
LaTeX Font Info:    Trying to load font information for T1+lmr on input line 11
2.
 (t1lmr.fd
File: t1lmr.fd 2015/05/01 v1.6.1 Font defs for Latin Modern
)) (geometry.sty
Package: geometry 2020/01/02 v5.9 Page Geometry
 (keyval.sty
Package: keyval 2014/10/28 v1.15 key=value parser (DPC)
\KV@toks@=\toks16
) (ifvtex.sty
Package: ifvtex 2019/10/25 v1.7 ifvtex legacy package. Use iftex instead.

(iftex.sty
Package: iftex 2022/02/03 v1.0f TeX engine tests
))
\Gm@cnth=\count189
\Gm@cntv=\count190
\c@Gm@tempcnt=\count191
\Gm@bindingoffset=\dimen139
\Gm@wd@mp=\dimen140
\Gm@odd@mp=\dimen141
\Gm@even@mp=\dimen142
\Gm@layoutwidth=\dimen143
\Gm@layoutheight=\dimen144
\Gm@layouthoffset=\dimen145
\Gm@layoutvoffset=\dimen146
\Gm@dimlist=\toks17
) (graphicx.sty
Package: graphicx 2021/09/16 v1.2d Enhanced LaTeX Graphics (DPC,SPQR)
 (graphics.sty
Package: graphics 2021/03/04 v1.4d Standard LaTeX Graphics (DPC,SPQR)
 (trig.sty
Package: trig 2021/08/11 v1.11 sin cos tan (DPC)
) (graphics.cfg
File: graphics.cfg 2016/06/04 v1.11 sample graphics configuration
)
Package graphics Info: Driver file: xetex.def on input line 107.
 (xetex.def
File: xetex.def 2021/03/18 v5.0k Graphics/color driver for xetex
))
\Gin@req@height=\dimen147
\Gin@req@width=\dimen148
) (booktabs.sty
Package: booktabs 2020/01/12 v1.61803398 Publication quality tables
\heavyrulewidth=\dimen149
\lightrulewidth=\dimen150
\cmidrulewidth=\dimen151
\belowrulesep=\dimen152
\belowbottomsep=\dimen153
\aboverulesep=\dimen154
\abovetopsep=\dimen155
\cmidrulesep=\dimen156
\cmidrulekern=\dimen157
\defaultaddspace=\dimen158
\@cmidla=\count192
\@cmidlb=\count193
\@aboverulesep=\dimen159
\@belowrulesep=\dimen160
\@thisruleclass=\count194
\@lastruleclass=\count195
\@thisrulewidth=\dimen161
) (tabularx.sty
Package: tabularx 2020/01/15 v2.11c `tabularx' package (DPC)
 (array.sty
Package: array 2021/10/04 v2.5f Tabular extension package (FMi)
\col@sep=\dimen162
\ar@mcellbox=\box50
\extrarowheight=\dimen163
\NC@list=\toks18
\extratabsurround=\skip49
\backup@length=\skip50
\ar@cellbox=\box51
)
\TX@col@width=\dimen164
\TX@old@table=\dimen165
\TX@old@col=\dimen166
\TX@target=\dimen167
\TX@delta=\dimen168
\TX@cols=\count196
\TX@ftn=\toks19
) (microtype.sty
Package: microtype 2022/03/14 v3.0d Micro-typographical refinements (RS)
 (etoolbox.sty
Package: etoolbox 2020/10/05 v2.5k e-TeX tools for LaTeX (JAW)
\etb@tempcnta=\count197
)
\MT@toks=\toks20
\MT@tempbox=\box52
\MT@count=\count198
LaTeX Info: Redefining \noprotrusionifhmode on input line 1027.
LaTeX Info: Redefining \leftprotrusion on input line 1028.
LaTeX Info: Redefining \rightprotrusion on input line 1036.
LaTeX Info: Redefining \textls on input line 1195.
\MT@outer@kern=\dimen169
LaTeX Info: Redefining \textmicrotypecontext on input line 1781.
\MT@listname@count=\count199

(microtype-xetex.def
File: microtype-xetex.def 2022/03/14 v3.0d Definitions specific to xetex (RS)
LaTeX Info: Redefining \lsstyle on input line 236.
)
Package microtype Info: Loading configuration file microtype.cfg.
 (microtype.cfg
File: microtype.cfg 2022/03/14 v3.0d microtype main configuration file (RS)
)) (amsmath.sty
Package: amsmath 2021/10/15 v2.17l AMS math features
\@mathmargin=\skip51

For additional information on amsmath, use the `?' option.
(amstext.sty
Package: amstext 2021/08/26 v2.01 AMS text
 (amsgen.sty
File: amsgen.sty 1999/11/30 v2.0 generic functions
\@emptytoks=\toks21
\ex@=\dimen170
)) (amsbsy.sty
Package: amsbsy 1999/11/29 v1.2d Bold Symbols
\pmbraise@=\dimen171
) (amsopn.sty
Package: amsopn 2021/08/26 v2.02 operator names
)
\inf@bad=\count266
LaTeX Info: Redefining \frac on input line 234.
\uproot@=\count267
\leftroot@=\count268
LaTeX Info: Redefining \overline on input line 399.
\classnum@=\count269
\DOTSCASE@=\count270
LaTeX Info: Redefining \ldots on input line 496.
LaTeX Info: Redefining \dots on input line 499.
LaTeX Info: Redefining \cdots on input line 620.
\Mathstrutbox@=\box53
\strutbox@=\box54
\big@size=\dimen172
LaTeX Font Info:    Redeclaring font encoding OML on input line 743.
LaTeX Font Info:    Redeclaring font encoding OMS on input line 744.
\macc@depth=\count271
\c@MaxMatrixCols=\count272
\dotsspace@=\muskip16
\c@parentequation=\count273
\dspbrk@lvl=\count274
\tag@help=\toks22
\row@=\count275
\column@=\count276
\maxfields@=\count277
\andhelp@=\toks23
\eqnshift@=\dimen173
\alignsep@=\dimen174
\tagshift@=\dimen175
\tagwidth@=\dimen176
\totwidth@=\dimen177
\lineht@=\dimen178
\@envbody=\toks24
\multlinegap=\skip52
\multlinetaggap=\skip53
\mathdisplay@stack=\toks25
LaTeX Info: Redefining \[ on input line 2938.
LaTeX Info: Redefining \] on input line 2939.
) (hyperref.sty
Package: hyperref 2022-02-21 v7.00n Hypertext links for LaTeX

(ltxcmds.sty
Package: ltxcmds 2020-05-10 v1.25 LaTeX kernel commands for general use (HO)
) (pdftexcmds.sty
Package: pdftexcmds 2020-06-27 v0.33 Utility functions of pdfTeX for LuaTeX (HO
)
 (infwarerr.sty
Package: infwarerr 2019/12/03 v1.5 Providing info/warning/error messages (HO)
)
Package pdftexcmds Info: \pdf@primitive is available.
Package pdftexcmds Info: \pdf@ifprimitive is available.
Package pdftexcmds Info: \pdfdraftmode not found.
) (kvsetkeys.sty
Package: kvsetkeys 2019/12/15 v1.18 Key value parser (HO)
)
(kvdefinekeys.sty
Package: kvdefinekeys 2019-12-19 v1.6 Define keys (HO)
) (pdfescape.sty
Package: pdfescape 2019/12/09 v1.15 Implements pdfTeX's escape features (HO)
) (hycolor.sty
Package: hycolor 2020-01-27 v1.10 Color options for hyperref/bookmark (HO)
) (letltxmacro.sty
Package: letltxmacro 2019/12/03 v1.6 Let assignment for LaTeX macros (HO)
) (auxhook.sty
Package: auxhook 2019-12-17 v1.6 Hooks for auxiliary files (HO)
) (kvoptions.sty
Package: kvoptions 2020-10-07 v3.14 Key value format for package options (HO)
)
\@linkdim=\dimen179
\Hy@linkcounter=\count278
\Hy@pagecounter=\count279
 (pd1enc.def
File: pd1enc.def 2022-02-21 v7.00n Hyperref: PDFDocEncoding definition (HO)
) (intcalc.sty
Package: intcalc 2019/12/15 v1.3 Expandable calculations with integers (HO)
) (etexcmds.sty
Package: etexcmds 2019/12/15 v1.7 Avoid name clashes with e-TeX commands (HO)
)
\Hy@SavedSpaceFactor=\count280
 (puenc.def
File: puenc.def 2022-02-21 v7.00n Hyperref: PDF Unicode definition (HO)
)
Package hyperref Info: Option `breaklinks' set `true' on input line 4018.
Package hyperref Info: Option `colorlinks' set `true' on input line 4018.
Package hyperref Info: Hyper figures OFF on input line 4137.
Package hyperref Info: Link nesting OFF on input line 4142.
Package hyperref Info: Hyper index ON on input line 4145.
Package hyperref Info: Plain pages OFF on input line 4152.
Package hyperref Info: Backreferencing OFF on input line 4157.
Package hyperref Info: Implicit mode ON; LaTeX internals redefined.
Package hyperref Info: Bookmarks ON on input line 4390.
\c@Hy@tempcnt=\count281

(url.sty
\Urlmuskip=\muskip17
Package: url 2013/09/16  ver 3.4  Verb mode for urls, etc.
)
LaTeX Info: Redefining \url on input line 4749.
\XeTeXLinkMargin=\dimen180
 (bitset.sty
Package: bitset 2019/12/09 v1.3 Handle bit-vector datatype (HO)
 (bigintcalc.sty
Package: bigintcalc 2019/12/15 v1.5 Expandable calculations on big integers (HO
)
))
\Fld@menulength=\count282
\Field@Width=\dimen181
\Fld@charsize=\dimen182
Package hyperref Info: Hyper figures OFF on input line 6027.
Package hyperref Info: Link nesting OFF on input line 6032.
Package hyperref Info: Hyper index ON on input line 6035.
Package hyperref Info: backreferencing OFF on input line 6042.
Package hyperref Info: Link coloring ON on input line 6045.
Package hyperref Info: Link coloring with OCG OFF on input line 6052.
Package hyperref Info: PDF/A mode OFF on input line 6057.
LaTeX Info: Redefining \ref on input line 6097.
LaTeX Info: Redefining \pageref on input line 6101.
 (atbegshi-ltx.sty
Package: atbegshi-ltx 2021/01/10 v1.0c Emulation of the original atbegshi
package with kernel methods
)
\Hy@abspage=\count283
\c@Item=\count284
\c@Hfootnote=\count285
)
Package hyperref Info: Driver (autodetected): hxetex.
 (hxetex.def
File: hxetex.def 2022-02-21 v7.00n Hyperref driver for XeTeX

(stringenc.sty
Package: stringenc 2019/11/29 v1.12 Convert strings between diff. encodings (HO
)
)
\pdfm@box=\box55
\c@Hy@AnnotLevel=\count286
\HyField@AnnotCount=\count287
\Fld@listcount=\count288
\c@bookmark@seq@number=\count289
 (rerunfilecheck.sty
Package: rerunfilecheck 2019/12/05 v1.9 Rerun checks for auxiliary files (HO)
 (atveryend-ltx.sty
Package: atveryend-ltx 2020/08/19 v1.0a Emulation of the original atveryend pac
kage
with kernel methods
) (uniquecounter.sty
Package: uniquecounter 2019/12/15 v1.4 Provide unlimited unique counter (HO)
)
Package uniquecounter Info: New unique counter `rerunfilecheck' on input line 2
86.
)
\Hy@SectionHShift=\skip54
)
(l3backend-xetex.def
File: l3backend-xetex.def 2022-02-07 L3 backend support: XeTeX
\c__kernel_sys_dvipdfmx_version_int=\count290
\l__color_backend_stack_int=\count291
\g__color_backend_stack_int=\count292
\g__graphics_track_int=\count293
\l__pdf_internal_box=\box56
\g__pdf_backend_object_int=\count294
\g__pdf_backend_annotation_int=\count295
\g__pdf_backend_link_int=\count296
) (supplement.aux)
\openout1 = `supplement.aux'.

LaTeX Font Info:    Checking defaults for OML/cmm/m/it on input line 9.
LaTeX Font Info:    ... okay on input line 9.
LaTeX Font Info:    Checking defaults for OMS/cmsy/m/n on input line 9.
LaTeX Font Info:    ... okay on input line 9.
LaTeX Font Info:    Checking defaults for OT1/cmr/m/n on input line 9.
LaTeX Font Info:    ... okay on input line 9.
LaTeX Font Info:    Checking defaults for T1/cmr/m/n on input line 9.
LaTeX Font Info:    ... okay on input line 9.
LaTeX Font Info:    Checking defaults for TS1/cmr/m/n on input line 9.
LaTeX Font Info:    Trying to load font information for TS1+cmr on input line 9
.
 (ts1cmr.fd
File: ts1cmr.fd 2019/12/16 v2.5j Standard LaTeX font definitions
)
LaTeX Font Info:    ... okay on input line 9.
LaTeX Font Info:    Checking defaults for TU/lmr/m/n on input line 9.
LaTeX Font Info:    ... okay on input line 9.
LaTeX Font Info:    Checking defaults for OMX/cmex/m/n on input line 9.
LaTeX Font Info:    ... okay on input line 9.
LaTeX Font Info:    Checking defaults for U/cmr/m/n on input line 9.
LaTeX Font Info:    ... okay on input line 9.
LaTeX Font Info:    Checking defaults for PD1/pdf/m/n on input line 9.
LaTeX Font Info:    ... okay on input line 9.
LaTeX Font Info:    Checking defaults for PU/pdf/m/n on input line 9.
LaTeX Font Info:    ... okay on input line 9.

*geometry* driver: auto-detecting
*geometry* detected driver: xetex
*geometry* verbose mode - [ preamble ] result:
* driver: xetex
* paper: letterpaper
* layout: <same size as paper>
* layoutoffset:(h,v)=(0.0pt,0.0pt)
* modes: 
* h-part:(L,W,R)=(54.2025pt, 505.89pt, 54.2025pt)
* v-part:(T,H,B)=(54.2025pt, 686.56499pt, 54.2025pt)
* \paperwidth=614.295pt
* \paperheight=794.96999pt
* \textwidth=505.89pt
* \textheight=686.56499pt
* \oddsidemargin=-18.06749pt
* \evensidemargin=-18.06749pt
* \topmargin=-55.06749pt
* \headheight=12.0pt
* \headsep=25.0pt
* \topskip=10.0pt
* \footskip=30.0pt
* \marginparwidth=65.0pt
* \marginparsep=11.0pt
* \columnsep=10.0pt
* \skip\footins=9.0pt plus 4.0pt minus 2.0pt
* \hoffset=0.0pt
* \voffset=0.0pt
* \mag=1000
* \@twocolumnfalse
* \@twosidefalse
* \@mparswitchfalse
* \@reversemarginfalse
* (1in=72.27pt=25.4mm, 1cm=28.453pt)

LaTeX Info: Redefining \microtypecontext on input line 9.
Package microtype Info: Applying patch `item' on input line 9.
Package microtype Info: Applying patch `toc' on input line 9.
Package microtype Info: Applying patch `eqnum' on input line 9.
Package microtype Info: Applying patch `footnote' on input line 9.
Package microtype Info: Character protrusion enabled (level 2).
Package microtype Info: Using default protrusion set `alltext'.
Package microtype Info: No adjustment of tracking.
Package microtype Info: No adjustment of spacing.
Package microtype Info: No adjustment of kerning.
(mt-cmr.cfg
File: mt-cmr.cfg 2013/05/19 v2.2 microtype config. file: Computer Modern Roman 
(RS)
) (color.sty
Package: color 2021/12/07 v1.3c Standard LaTeX Color (DPC)
 (color.cfg
File: color.cfg 2016/01/02 v1.6 sample color configuration
)
Package color Info: Driver file: xetex.def on input line 149.
)
Package hyperref Info: Link coloring ON on input line 9.
 (nameref.sty
Package: nameref 2021-04-02 v2.47 Cross-referencing by name of section
 (refcount.sty
Package: refcount 2019/12/15 v3.6 Data extraction from label references (HO)
)
(gettitlestring.sty
Package: gettitlestring 2019/12/15 v1.6 Cleanup title references (HO)
)
\c@section@level=\count297
)
LaTeX Info: Redefining \ref on input line 9.
LaTeX Info: Redefining \pageref on input line 9.
LaTeX Info: Redefining \nameref on input line 9.
 (supplement.out) (supplement.out)
\@outlinefile=\write3
\openout3 = `supplement.out'.

 (ldraw-results.tex)
LaTeX Font Info:    Trying to load font information for T1+lmtt on input line 3
9.

(t1lmtt.fd
File: t1lmtt.fd 2015/05/01 v1.6.1 Font defs for Latin Modern
)
Package microtype Info: Loading generic protrusion settings for font family
(microtype)             `lmtt' (encoding: T1).
(microtype)             For optimal results, create family-specific settings.
(microtype)             See the microtype manual for details.
 (ldraw-operators.tex) [1

] [2]
File: figures/ldraw/print/clean-sequence-1.jpg Graphic file (type bmp)
<figures/ldraw/print/clean-sequence-1.jpg>
File: figures/ldraw/print/clean-sequence-2.jpg Graphic file (type bmp)
<figures/ldraw/print/clean-sequence-2.jpg>
File: figures/ldraw/print/clean-sequence-3.jpg Graphic file (type bmp)
<figures/ldraw/print/clean-sequence-3.jpg>
File: figures/ldraw/print/clean-sequence-4.jpg Graphic file (type bmp)
<figures/ldraw/print/clean-sequence-4.jpg>
File: figures/ldraw/print/clean-sequence-5.jpg Graphic file (type bmp)
<figures/ldraw/print/clean-sequence-5.jpg>
File: figures/ldraw/print/clean-sequence-6.jpg Graphic file (type bmp)
<figures/ldraw/print/clean-sequence-6.jpg>
 (ldraw-step-trace.tex) [3

]
File: figures/ldraw/print/clean-restore-before.jpg Graphic file (type bmp)
<figures/ldraw/print/clean-restore-before.jpg>
File: figures/ldraw/print/clean-restore-after.jpg Graphic file (type bmp)
<figures/ldraw/print/clean-restore-after.jpg>
File: figures/ldraw/print/clean-restore-invalid.jpg Graphic file (type bmp)
<figures/ldraw/print/clean-restore-invalid.jpg>
 [4

]
[5] (ldraw-plan-models.tex) (ldraw-plan-families.tex) (ldraw-plan-scale.tex)
(ldraw-plan-actions.tex)

LaTeX Warning: `h' float specifier changed to `ht'.

[6

] [7] (ldraw-plan-ablations.tex) (ldraw-plan-robustness.tex)
(ldraw-plan-resources.tex) [8

] (ldraw-plan-human.tex) (ldraw-plan-physical.tex) (ldraw-cases.tex [9

]
File: figures/ldraw/print/31028-iso.jpg Graphic file (type bmp)
<figures/ldraw/print/31028-iso.jpg>
File: figures/ldraw/print/31028-front.jpg Graphic file (type bmp)
<figures/ldraw/print/31028-front.jpg>
File: figures/ldraw/print/31028-side.jpg Graphic file (type bmp)
<figures/ldraw/print/31028-side.jpg>
File: figures/ldraw/print/31028-top.jpg Graphic file (type bmp)
<figures/ldraw/print/31028-top.jpg>
 [10

]
File: figures/ldraw/print/31028-numbered.jpg Graphic file (type bmp)
<figures/ldraw/print/31028-numbered.jpg>
 [11

] [12]
File: figures/ldraw/print/31027-iso.jpg Graphic file (type bmp)
<figures/ldraw/print/31027-iso.jpg>
File: figures/ldraw/print/31027-front.jpg Graphic file (type bmp)
<figures/ldraw/print/31027-front.jpg>
File: figures/ldraw/print/31027-side.jpg Graphic file (type bmp)
<figures/ldraw/print/31027-side.jpg>
File: figures/ldraw/print/31027-top.jpg Graphic file (type bmp)
<figures/ldraw/print/31027-top.jpg>
 [13

]
File: figures/ldraw/print/31027-numbered.jpg Graphic file (type bmp)
<figures/ldraw/print/31027-numbered.jpg>
 [14

] [15] [16]
File: figures/ldraw/print/10156-iso.jpg Graphic file (type bmp)
<figures/ldraw/print/10156-iso.jpg>
File: figures/ldraw/print/10156-front.jpg Graphic file (type bmp)
<figures/ldraw/print/10156-front.jpg>
File: figures/ldraw/print/10156-side.jpg Graphic file (type bmp)
<figures/ldraw/print/10156-side.jpg>
File: figures/ldraw/print/10156-top.jpg Graphic file (type bmp)
<figures/ldraw/print/10156-top.jpg>
 [17

]
File: figures/ldraw/print/10156-numbered.jpg Graphic file (type bmp)
<figures/ldraw/print/10156-numbered.jpg>
 [18

] [19]
[20]
File: figures/ldraw/print/omr-42102-iso.jpg Graphic file (type bmp)
<figures/ldraw/print/omr-42102-iso.jpg>
File: figures/ldraw/print/omr-42102-front.jpg Graphic file (type bmp)
<figures/ldraw/print/omr-42102-front.jpg>
File: figures/ldraw/print/omr-42102-side.jpg Graphic file (type bmp)
<figures/ldraw/print/omr-42102-side.jpg>
File: figures/ldraw/print/omr-42102-top.jpg Graphic file (type bmp)
<figures/ldraw/print/omr-42102-top.jpg>
 [21

]
File: figures/ldraw/print/omr-42102-numbered.jpg Graphic file (type bmp)
<figures/ldraw/print/omr-42102-numbered.jpg>
 [22

] [23] [24]
File: figures/ldraw/print/omr-42020-iso.jpg Graphic file (type bmp)
<figures/ldraw/print/omr-42020-iso.jpg>
File: figures/ldraw/print/omr-42020-front.jpg Graphic file (type bmp)
<figures/ldraw/print/omr-42020-front.jpg>
File: figures/ldraw/print/omr-42020-side.jpg Graphic file (type bmp)
<figures/ldraw/print/omr-42020-side.jpg>
File: figures/ldraw/print/omr-42020-top.jpg Graphic file (type bmp)
<figures/ldraw/print/omr-42020-top.jpg>
 [25

]
File: figures/ldraw/print/omr-42020-numbered.jpg Graphic file (type bmp)
<figures/ldraw/print/omr-42020-numbered.jpg>
 [26

] [27]
File: figures/ldraw/print/10036-iso.jpg Graphic file (type bmp)
<figures/ldraw/print/10036-iso.jpg>
File: figures/ldraw/print/10036-front.jpg Graphic file (type bmp)
<figures/ldraw/print/10036-front.jpg>
File: figures/ldraw/print/10036-side.jpg Graphic file (type bmp)
<figures/ldraw/print/10036-side.jpg>
File: figures/ldraw/print/10036-top.jpg Graphic file (type bmp)
<figures/ldraw/print/10036-top.jpg>
 [28

]
File: figures/ldraw/print/10036-numbered.jpg Graphic file (type bmp)
<figures/ldraw/print/10036-numbered.jpg>
 [29

] [30] [31]
File: figures/ldraw/print/10014-iso.jpg Graphic file (type bmp)
<figures/ldraw/print/10014-iso.jpg>
File: figures/ldraw/print/10014-front.jpg Graphic file (type bmp)
<figures/ldraw/print/10014-front.jpg>
File: figures/ldraw/print/10014-side.jpg Graphic file (type bmp)
<figures/ldraw/print/10014-side.jpg>
File: figures/ldraw/print/10014-top.jpg Graphic file (type bmp)
<figures/ldraw/print/10014-top.jpg>
 [32

]
File: figures/ldraw/print/10014-numbered.jpg Graphic file (type bmp)
<figures/ldraw/print/10014-numbered.jpg>
 [33

] [34]
File: figures/ldraw/print/omr-31031-iso.jpg Graphic file (type bmp)
<figures/ldraw/print/omr-31031-iso.jpg>
File: figures/ldraw/print/omr-31031-front.jpg Graphic file (type bmp)
<figures/ldraw/print/omr-31031-front.jpg>
File: figures/ldraw/print/omr-31031-side.jpg Graphic file (type bmp)
<figures/ldraw/print/omr-31031-side.jpg>
File: figures/ldraw/print/omr-31031-top.jpg Graphic file (type bmp)
<figures/ldraw/print/omr-31031-top.jpg>

[35

]
File: figures/ldraw/print/omr-31031-numbered.jpg Graphic file (type bmp)
<figures/ldraw/print/omr-31031-numbered.jpg>
 [36

] [37] [38]
File: figures/ldraw/print/omr-31088-iso.jpg Graphic file (type bmp)
<figures/ldraw/print/omr-31088-iso.jpg>
File: figures/ldraw/print/omr-31088-front.jpg Graphic file (type bmp)
<figures/ldraw/print/omr-31088-front.jpg>
File: figures/ldraw/print/omr-31088-side.jpg Graphic file (type bmp)
<figures/ldraw/print/omr-31088-side.jpg>
File: figures/ldraw/print/omr-31088-top.jpg Graphic file (type bmp)
<figures/ldraw/print/omr-31088-top.jpg>
 [39

]
File: figures/ldraw/print/omr-31088-numbered.jpg Graphic file (type bmp)
<figures/ldraw/print/omr-31088-numbered.jpg>
 [40

] [41] [42]
File: figures/ldraw/print/omr-42004-iso.jpg Graphic file (type bmp)
<figures/ldraw/print/omr-42004-iso.jpg>
File: figures/ldraw/print/omr-42004-front.jpg Graphic file (type bmp)
<figures/ldraw/print/omr-42004-front.jpg>
File: figures/ldraw/print/omr-42004-side.jpg Graphic file (type bmp)
<figures/ldraw/print/omr-42004-side.jpg>
File: figures/ldraw/print/omr-42004-top.jpg Graphic file (type bmp)
<figures/ldraw/print/omr-42004-top.jpg>
 [43

]
File: figures/ldraw/print/omr-42004-numbered.jpg Graphic file (type bmp)
<figures/ldraw/print/omr-42004-numbered.jpg>
 [44

] [45] [46]
File: figures/ldraw/print/omr-42061-iso.jpg Graphic file (type bmp)
<figures/ldraw/print/omr-42061-iso.jpg>
File: figures/ldraw/print/omr-42061-front.jpg Graphic file (type bmp)
<figures/ldraw/print/omr-42061-front.jpg>
File: figures/ldraw/print/omr-42061-side.jpg Graphic file (type bmp)
<figures/ldraw/print/omr-42061-side.jpg>
File: figures/ldraw/print/omr-42061-top.jpg Graphic file (type bmp)
<figures/ldraw/print/omr-42061-top.jpg>
 [47

]
File: figures/ldraw/print/omr-42061-numbered.jpg Graphic file (type bmp)
<figures/ldraw/print/omr-42061-numbered.jpg>
 [48

] [49]
[50]
File: figures/ldraw/print/31009-iso.jpg Graphic file (type bmp)
<figures/ldraw/print/31009-iso.jpg>
File: figures/ldraw/print/31009-front.jpg Graphic file (type bmp)
<figures/ldraw/print/31009-front.jpg>
File: figures/ldraw/print/31009-side.jpg Graphic file (type bmp)
<figures/ldraw/print/31009-side.jpg>
File: figures/ldraw/print/31009-top.jpg Graphic file (type bmp)
<figures/ldraw/print/31009-top.jpg>
 [51

]
File: figures/ldraw/print/31009-numbered.jpg Graphic file (type bmp)
<figures/ldraw/print/31009-numbered.jpg>
 [52

] [53] [54]
File: figures/ldraw/print/5867-iso.jpg Graphic file (type bmp)
<figures/ldraw/print/5867-iso.jpg>
File: figures/ldraw/print/5867-front.jpg Graphic file (type bmp)
<figures/ldraw/print/5867-front.jpg>
File: figures/ldraw/print/5867-side.jpg Graphic file (type bmp)
<figures/ldraw/print/5867-side.jpg>
File: figures/ldraw/print/5867-top.jpg Graphic file (type bmp)
<figures/ldraw/print/5867-top.jpg>
 [55

]
File: figures/ldraw/print/5867-numbered.jpg Graphic file (type bmp)
<figures/ldraw/print/5867-numbered.jpg>
 [56

] [57] [58]
File: figures/ldraw/print/10128-iso.jpg Graphic file (type bmp)
<figures/ldraw/print/10128-iso.jpg>
File: figures/ldraw/print/10128-front.jpg Graphic file (type bmp)
<figures/ldraw/print/10128-front.jpg>
File: figures/ldraw/print/10128-side.jpg Graphic file (type bmp)
<figures/ldraw/print/10128-side.jpg>
File: figures/ldraw/print/10128-top.jpg Graphic file (type bmp)
<figures/ldraw/print/10128-top.jpg>
 [59

]
File: figures/ldraw/print/10128-numbered.jpg Graphic file (type bmp)
<figures/ldraw/print/10128-numbered.jpg>
 [60

] [61] [62]
File: figures/ldraw/print/10159-iso.jpg Graphic file (type bmp)
<figures/ldraw/print/10159-iso.jpg>
File: figures/ldraw/print/10159-front.jpg Graphic file (type bmp)
<figures/ldraw/print/10159-front.jpg>
File: figures/ldraw/print/10159-side.jpg Graphic file (type bmp)
<figures/ldraw/print/10159-side.jpg>
File: figures/ldraw/print/10159-top.jpg Graphic file (type bmp)
<figures/ldraw/print/10159-top.jpg>
 [63

]
File: figures/ldraw/print/10159-numbered.jpg Graphic file (type bmp)
<figures/ldraw/print/10159-numbered.jpg>
 [64

]
[65] [66]
File: figures/ldraw/print/10001-iso.jpg Graphic file (type bmp)
<figures/ldraw/print/10001-iso.jpg>
File: figures/ldraw/print/10001-front.jpg Graphic file (type bmp)
<figures/ldraw/print/10001-front.jpg>
File: figures/ldraw/print/10001-side.jpg Graphic file (type bmp)
<figures/ldraw/print/10001-side.jpg>
File: figures/ldraw/print/10001-top.jpg Graphic file (type bmp)
<figures/ldraw/print/10001-top.jpg>
 [67

]
File: figures/ldraw/print/10001-numbered.jpg Graphic file (type bmp)
<figures/ldraw/print/10001-numbered.jpg>
 [68

] [69] [70] [71]
File: figures/ldraw/print/omr-10269-iso.jpg Graphic file (type bmp)
<figures/ldraw/print/omr-10269-iso.jpg>
File: figures/ldraw/print/omr-10269-front.jpg Graphic file (type bmp)
<figures/ldraw/print/omr-10269-front.jpg>
File: figures/ldraw/print/omr-10269-side.jpg Graphic file (type bmp)
<figures/ldraw/print/omr-10269-side.jpg>
File: figures/ldraw/print/omr-10269-top.jpg Graphic file (type bmp)
<figures/ldraw/print/omr-10269-top.jpg>
 [72

]
File: figures/ldraw/print/omr-10269-numbered.jpg Graphic file (type bmp)
<figures/ldraw/print/omr-10269-numbered.jpg>
 [73

] [74] [75] [76]
File: figures/ldraw/print/omr-10242-iso.jpg Graphic file (type bmp)
<figures/ldraw/print/omr-10242-iso.jpg>
File: figures/ldraw/print/omr-10242-front.jpg Graphic file (type bmp)
<figures/ldraw/print/omr-10242-front.jpg>
File: figures/ldraw/print/omr-10242-side.jpg Graphic file (type bmp)
<figures/ldraw/print/omr-10242-side.jpg>
File: figures/ldraw/print/omr-10242-top.jpg Graphic file (type bmp)
<figures/ldraw/print/omr-10242-top.jpg>
 [77

]
File: figures/ldraw/print/omr-10242-numbered.jpg Graphic file (type bmp)
<figures/ldraw/print/omr-10242-numbered.jpg>
 [78

] [79]
[80] [81]
File: figures/ldraw/print/omr-42066-iso.jpg Graphic file (type bmp)
<figures/ldraw/print/omr-42066-iso.jpg>
File: figures/ldraw/print/omr-42066-front.jpg Graphic file (type bmp)
<figures/ldraw/print/omr-42066-front.jpg>
File: figures/ldraw/print/omr-42066-side.jpg Graphic file (type bmp)
<figures/ldraw/print/omr-42066-side.jpg>
File: figures/ldraw/print/omr-42066-top.jpg Graphic file (type bmp)
<figures/ldraw/print/omr-42066-top.jpg>
 [82

]
File: figures/ldraw/print/omr-42066-numbered.jpg Graphic file (type bmp)
<figures/ldraw/print/omr-42066-numbered.jpg>
 [83

] [84] [85] [86] [87]
File: figures/ldraw/print/10213-iso.jpg Graphic file (type bmp)
<figures/ldraw/print/10213-iso.jpg>
File: figures/ldraw/print/10213-front.jpg Graphic file (type bmp)
<figures/ldraw/print/10213-front.jpg>
File: figures/ldraw/print/10213-side.jpg Graphic file (type bmp)
<figures/ldraw/print/10213-side.jpg>
File: figures/ldraw/print/10213-top.jpg Graphic file (type bmp)
<figures/ldraw/print/10213-top.jpg>
 [88

]
File: figures/ldraw/print/10213-numbered.jpg Graphic file (type bmp)
<figures/ldraw/print/10213-numbered.jpg>
 [89

] [90] [91] [92]
File: figures/ldraw/print/omr-10265-iso.jpg Graphic file (type bmp)
<figures/ldraw/print/omr-10265-iso.jpg>
File: figures/ldraw/print/omr-10265-front.jpg Graphic file (type bmp)
<figures/ldraw/print/omr-10265-front.jpg>
File: figures/ldraw/print/omr-10265-side.jpg Graphic file (type bmp)
<figures/ldraw/print/omr-10265-side.jpg>
File: figures/ldraw/print/omr-10265-top.jpg Graphic file (type bmp)
<figures/ldraw/print/omr-10265-top.jpg>
 [93

]
File: figures/ldraw/print/omr-10265-numbered.jpg Graphic file (type bmp)
<figures/ldraw/print/omr-10265-numbered.jpg>
 [94

]
[95] [96] [97] [98]
File: figures/ldraw/print/10220-iso.jpg Graphic file (type bmp)
<figures/ldraw/print/10220-iso.jpg>
File: figures/ldraw/print/10220-front.jpg Graphic file (type bmp)
<figures/ldraw/print/10220-front.jpg>
File: figures/ldraw/print/10220-side.jpg Graphic file (type bmp)
<figures/ldraw/print/10220-side.jpg>
File: figures/ldraw/print/10220-top.jpg Graphic file (type bmp)
<figures/ldraw/print/10220-top.jpg>
 [99

]
File: figures/ldraw/print/10220-numbered.jpg Graphic file (type bmp)
<figures/ldraw/print/10220-numbered.jpg>
 [100

] [101] [102] [103] [104]
File: figures/ldraw/print/omr-21309-iso.jpg Graphic file (type bmp)
<figures/ldraw/print/omr-21309-iso.jpg>
File: figures/ldraw/print/omr-21309-front.jpg Graphic file (type bmp)
<figures/ldraw/print/omr-21309-front.jpg>
File: figures/ldraw/print/omr-21309-side.jpg Graphic file (type bmp)
<figures/ldraw/print/omr-21309-side.jpg>
File: figures/ldraw/print/omr-21309-top.jpg Graphic file (type bmp)
<figures/ldraw/print/omr-21309-top.jpg>
 [105

]
File: figures/ldraw/print/omr-21309-numbered.jpg Graphic file (type bmp)
<figures/ldraw/print/omr-21309-numbered.jpg>
 [106

] [107]
[108] [109] [110]
File: figures/ldraw/print/omr-42054-iso.jpg Graphic file (type bmp)
<figures/ldraw/print/omr-42054-iso.jpg>
File: figures/ldraw/print/omr-42054-front.jpg Graphic file (type bmp)
<figures/ldraw/print/omr-42054-front.jpg>
File: figures/ldraw/print/omr-42054-side.jpg Graphic file (type bmp)
<figures/ldraw/print/omr-42054-side.jpg>
File: figures/ldraw/print/omr-42054-top.jpg Graphic file (type bmp)
<figures/ldraw/print/omr-42054-top.jpg>
 [111

]
File: figures/ldraw/print/omr-42054-numbered.jpg Graphic file (type bmp)
<figures/ldraw/print/omr-42054-numbered.jpg>
 [112

] [113] [114] [115]) [116] (supplement.aux)
Package rerunfilecheck Info: File `supplement.out' has not changed.
(rerunfilecheck)             Checksum: 3FFFAE8A01257793C8499EC56AF3868D;15591.
 )
Output written on supplement.xdv (116 pages, 446700 bytes).
